#
# AMUNICJA
#
"AMMO_IMPROVISED"
"AMMO_LIGHT_PISTOL"
"AMMO_LIGHT_RIFLE"
"AMMO_LIGHT_SHOTGUN"
"AMMO_FLAME_THROWER"
"AMMO_LIGHT_PISTOL_2"
"AMMO_LIGHT_RIFLE_2"
"AMMO_LIGHT_SHOTGUN_2"
"AMMO_FLAME_THROWER_2"
"AMMO_HEAVY_PISTOL"
"AMMO_HEAVY_RIFLE"
"AMMO_HEAVY_SHOTGUN"
"AMMO_BUNKER_GUN"
"AMMO_ENERGY_1"
"AMMO_ENERGY_2"
#
# PIGULKI
#
"PILLS_POPULAR"
#
# STRZYKAWKI
#
"SYRINGE_1"
#
# BRONIE
"WEAPON_H2H_IMPROVISED_1"
"WEAPON_RANGE_IMPROVISED_1"
"WEAPON_ENERGY_IMPROVISED_1"
"WEAPON_H2H_IMPROVISED_2"
"WEAPON_RANGE_IMPROVISED_2"
"WEAPON_ENERGY_IMPROVISED_2"
"WEAPON_ENERGY_1"
"WEAPON_ENERGY_2"
"WEAPON_LIGHT_PISTOL"
"WEAPON_LIGHT_RIFLE"
"WEAPON_LIGHT_SHOTGUN"
"WEAPON_LIGHT_MACHINE_GUN"
"WEAPON_LIGHT_PISTOL_2"
"WEAPON_LIGHT_RIFLE_2"
"WEAPON_LIGHT_SHOTGUN_2"
"WEAPON_LIGHT_MACHINE_GUN_2"
"WEAPON_HEAVY_PISTOL"
"WEAPON_HEAVY_RIFLE"
"WEAPON_HEAVY_SHOTGUN"
"WEAPON_HEAVY_MACHINE_GUN"
"WEAPON_MEDIEVAL_1"
"WEAPON_MEDIEVAL_2"
"WEAPON_SENTRY_GUN_1"
"WEAPON_SENTRY_GUN_2"
"WEAPON_H2H_ROBOTS_1"
"WEAPON_H2H_ROBOTS_2"
#
# PANCERZE
#
"ARMOR_SPACE_SHIP"
"ARMOR_MINES"
"ARMOR_LIGHT_MILITARY"
"ARMOR_HEAVY_MILITARY"
"ARMOR_LIGHT_ENERGY"
#
# GRANATY
#
"GRENADE_NORMAL_1"
"GRENADE_NORMAL_2"
"GRENADE_MINE_1"
"GRENADE_MINE_2"
"GRENADE_ENERGY_1"
"GRENADE_ENERGY_2"
#
# SMIECI
#
"GARBAGE_SPACESHIP"
"GARBAGE_ORGANIC"
"GARBAGE_HUMAN_PARTS"
"GARBAGE_ANIMAL_PARTS"
"GARBAGE_ROCKS"
"UTILITY_CLEANER"
#
# POTWORY
#
"MONSTER_POOR_HUMAN"
"MONSTER_CRAZY_HUMAN"
"MONSTER_HUMAN_MILITARY_1"
"MONSTER_HUMAN_MILITARY_2"
"MONSTER_HUMAN_MILITARY_3"
"MONSTER_SPACE_SHIP_1"
"MONSTER_SPACE_SHIP_2"
"MONSTER_SPACE_SHIP_3"
"MONSTER_GENETIC_LAB_1"
"MONSTER_GENETIC_LAB_2"
"MONSTER_GENETIC_LAB_3"
"MONSTER_MINES_1"
"MONSTER_MINES_2"
"MONSTER_MINES_3"
"MONSTER_MINES_4"
"MONSTER_CAVES_1"
"MONSTER_CAVES_2"
"MONSTER_CAVES_3"
"MONSTER_BUNKER_1"
"MONSTER_BUNKER_2"
"MONSTER_BUNKER_3"
"MONSTER_SENTRY_GUN_1"
"MONSTER_SENTRY_GUN_2"
"MONSTER_SENTRY_GUN_3"
"MONSTER_WALKING_BOMB_1"
"MONSTER_WALKING_BOMB_2"
"MONSTER_SMALL_ROBOT_1"
"MONSTER_SMALL_ROBOT_2"
"MONSTER_SMALL_ROBOT_3"
"MONSTER_UTILITY_BOT"
"MONSTER_MEDIUM_ROBOT_1"
"MONSTER_MEDIUM_ROBOT_2"
"MONSTER_MEDIUM_ROBOT_3"
"MONSTER_GIANT_WORM_1"
"MONSTER_GIANT_WORM_2"
"MONSTER_GIANT_WORM_3"
"MONSTER_UNIQUE"
#
# Czesci robotow
#
"ROBOT_SHELL_1"
"ROBOT_SHELL_2"
"ROBOT_SHELL_3"
"ROBOT_SHELL_4"
"ROBOT_SHELL_UNIQUE"
"ROBOT_ARM_1"
"ROBOT_ARM_2"
"ROBOT_ARM_3"
"ROBOT_LEG_1"
"ROBOT_LEG_2"
"ROBOT_LEG_3"
"ROBOT_CPU_1"
"ROBOT_CPU_2"
"ROBOT_CPU_3"
"ROBOT_CPU_UNIQUE"
"ROBOT_BATTERY_1"
"ROBOT_BATTERY_2"
"ROBOT_BATTERY_3"
#
# Zestawy naprawcze
#
"REPAIR_SET_1"
"REPAIR_SET_2"
"REPAIR_SET_3"
#
# Narzedza do CPU
#
"CPU_TOOL_1"
"CPU_TOOL_2"
"CPU_TOOL_3"
#
# Baterie
#
"BATTERY_1"
"BATTERY_2"
"BATTERY_3"
"BATTERY_4"
#
# Unikalne przedmioty
#
"ITEM_UNIQUE"
