#"Small Green Device" = 2
#"Round White Device" = 15
#"Small Yellow Device" = 14
#"Grey Rounded Box" = 7
#"Small Black Disc" = 8
#"Small Ball" = 1
#"Small Grey Box" = 7
#"Small Red Device" = 4
#"Small Cylinder" = 3
#"Small Brown Device" = 6
#"Small Tetrahedron" = 5
#"Black Box With Button" = 8
#"Small Electronic Device" = 3
#"Strange Small Disc" = 5
#"Small Grey Torus" = 7
#"Small Metal Ball" = 11
#"Shiny Metal Cylinder" = 15
#"Small Cuboid" = 9
#"Small Rounded Cuboid" = 11
#"Unknown Grenade" = 7
#"Small Ball With Handle" = 11
#"Black Plastic Egg" = 8
#"White Stick With Switch" = 15
#"Shiny Cube" = 15
"작은 초록색 장치" = 2
"둥근 하얀색 장치" = 15
"작은 노란색 장치" = 14
"동그란 회색 상자" = 7
"작은 검은색 디스크" = 8
"작은 공" = 1
"작은 회색 상자" = 7
"작은 빨간색 장치" = 4
"작은 실린더" = 3
"작은 갈색 장치" = 6
"작은 4면체" = 5
"버튼이 달린 검은 상자" = 8
"작은 전기 장치" = 3
"기묘한 작은 디스크" = 5
"작은 회색 원환체" = 7
"작은 금속 공" = 11
"반짝이는 금속 실린더" = 15
"작은 육면체" = 9
"작은 각이 둥근 육면체" = 11
"확인되지 않은 수류탄" = 7
"손잡이가 달린 작은 공" = 11
"검은색 플라스틱 알" = 8
"스위치가 달린 하얀색 막대" = 15
"반짝이는 입방체" = 15
